INFO  Using log config file: jar:file:/C:/Users/webma/Tools/ghidra/ghidra_12.1.4_PUBLIC/Ghidra/Framework/Generic/lib/Generic.jar!/generic.log4j.xml (LoggingInitialization)  
INFO  Using log file: D:\reJOIce-materials\full-image-resume.log (LoggingInitialization)  
INFO  Loading user preferences: C:\Users\webma\AppData\Roaming\ghidra\ghidra_12.1.4_PUBLIC\preferences (Preferences)  
INFO  Searching for classes... (ClassSearcher)  
INFO  Class search complete (1501 ms) (ClassSearcher)  
INFO  Initializing SSL Context (DefaultSSLContextInitializer)  
INFO  Initializing Random Number Generator... (SecureRandomFactory)  
INFO  Random Number Generator initialization complete: SHA1PRNG (SecureRandomFactory)  
INFO  Trust manager disabled, cacerts have not been set (DefaultTrustManagerFactory)  
INFO  Headless startup complete (4862 ms) (AnalyzeHeadless)  
INFO  Class searcher loaded 59 extension points (20 false positives) (ClassSearcher)  
WARNING: A terminally deprecated method in sun.misc.Unsafe has been called
WARNING: sun.misc.Unsafe::staticFieldOffset has been called by org.apache.felix.framework.util.SecureAction (file:/C:/Users/webma/Tools/ghidra/ghidra_12.1.4_PUBLIC/Ghidra/Features/Base/lib/org.apache.felix.framework-7.0.5.jar)
WARNING: Please consider reporting this to the maintainers of class org.apache.felix.framework.util.SecureAction
WARNING: sun.misc.Unsafe::staticFieldOffset will be removed in a future release
INFO  HEADLESS Script Paths:
    C:\Users\webma\Tools\ghidra\ghidra_12.1.4_PUBLIC\Ghidra\Features\VersionTracking\ghidra_scripts
    C:\Users\webma\Tools\ghidra\ghidra_12.1.4_PUBLIC\Ghidra\Features\WildcardAssembler\ghidra_scripts
    C:\Users\webma\Tools\ghidra\ghidra_12.1.4_PUBLIC\Ghidra\Features\FunctionID\ghidra_scripts
    C:\Users\webma\Tools\ghidra\ghidra_12.1.4_PUBLIC\Ghidra\Debug\Debugger-rmi-trace\ghidra_scripts
    C:\Users\webma\Tools\ghidra\ghidra_12.1.4_PUBLIC\Ghidra\Processors\PIC\ghidra_scripts
    C:\Users\webma\Tools\ghidra\ghidra_12.1.4_PUBLIC\Ghidra\Processors\Atmel\ghidra_scripts
    C:\Users\webma\Tools\ghidra\ghidra_12.1.4_PUBLIC\Ghidra\Features\Decompiler\ghidra_scripts
    C:\Users\webma\Tools\ghidra\ghidra_12.1.4_PUBLIC\Ghidra\Features\PDB\ghidra_scripts
    C:\Users\webma\Tools\ghidra\ghidra_12.1.4_PUBLIC\Ghidra\Features\SystemEmulation\ghidra_scripts
    C:\Users\webma\Tools\ghidra\ghidra_12.1.4_PUBLIC\Ghidra\Processors\DATA\ghidra_scripts
    C:\Users\webma\Tools\ghidra\ghidra_12.1.4_PUBLIC\Ghidra\Debug\Debugger\ghidra_scripts
    C:\Users\webma\Tools\ghidra\ghidra_12.1.4_PUBLIC\Ghidra\Processors\8051\ghidra_scripts
    C:\Users\webma\Tools\ghidra\ghidra_12.1.4_PUBLIC\Ghidra\Processors\JVM\ghidra_scripts
    C:\Users\webma\Tools\ghidra\ghidra_12.1.4_PUBLIC\Ghidra\Features\FileFormats\ghidra_scripts
    C:\Users\webma\Tools\ghidra\ghidra_12.1.4_PUBLIC\Ghidra\Features\PyGhidra\ghidra_scripts
    C:\Users\webma\Tools\ghidra\ghidra_12.1.4_PUBLIC\Ghidra\Features\MicrosoftCodeAnalyzer\ghidra_scripts
    C:\Users\webma\Tools\ghidra\ghidra_12.1.4_PUBLIC\Ghidra\Features\BSim\ghidra_scripts
    C:\Users\webma\Tools\ghidra\ghidra_12.1.4_PUBLIC\Ghidra\Features\SwiftDemangler\ghidra_scripts
    D:\reJOIce\Materials\Scripts
    C:\Users\webma\Tools\ghidra\ghidra_12.1.4_PUBLIC\Ghidra\Features\BytePatterns\ghidra_scripts
    C:\Users\webma\Tools\ghidra\ghidra_12.1.4_PUBLIC\Ghidra\Features\DecompilerDependent\ghidra_scripts
    C:\Users\webma\Tools\ghidra\ghidra_12.1.4_PUBLIC\Ghidra\Features\GnuDemangler\ghidra_scripts
    C:\Users\webma\Tools\ghidra\ghidra_12.1.4_PUBLIC\Ghidra\Features\Base\ghidra_scripts (HeadlessAnalyzer)  
INFO  HEADLESS: execution starts (HeadlessAnalyzer)  
INFO  Opening existing project: D:\reJOIce-materials\Projects\CockHeroFullImageResumed (HeadlessAnalyzer)  
INFO  Opening project: D:\reJOIce-materials\Projects\CockHeroFullImageResumed (HeadlessProject)  
INFO  REPORT: Processing project file: /CockHero.exe (HeadlessAnalyzer)  
INFO  REPORT: Execute script: ResumeFullImage.java 'D:\reJOIce\Materials\Verification\full-image-phase.txt'  (HeadlessAnalyzer)  
INFO  SCRIPT: D:\reJOIce\Materials\Scripts\ResumeFullImage.java (HeadlessAnalyzer)  
INFO  ResumeFullImage.java> Analysis phase begins at 2026-10-02T23:42:35.749602200Z
PDB analyzer disabled on this copied project: previous PDB application retained.
Timeout: 7200 seconds; export is a separate phase.
 (GhidraScript)  
INFO  ANALYZING all memory and code: /CockHero.exe (HeadlessAnalyzer)  
WARN  Ignoring leading '_' chars on no-return name '___raise_securityfailure' specified in file: C:\Users\webma\Tools\ghidra\ghidra_12.1.4_PUBLIC\Ghidra\Features\Base\data\PEFunctionsThatDoNotReturn (NoReturnFunctionAnalyzer)  
WARN  Ignoring leading '_' chars on no-return name '___report_rangecheckfailure' specified in file: C:\Users\webma\Tools\ghidra\ghidra_12.1.4_PUBLIC\Ghidra\Features\Base\data\PEFunctionsThatDoNotReturn (NoReturnFunctionAnalyzer)  
INFO  Packed database cache: C:\Users\webma\AppData\Local\ghidra\packed-db-cache (PackedDatabaseCache)  
ERROR Invalid PNG data at 14bf652f8 (PngDataType)  
ERROR Invalid PNG data at 14d668340 (PngDataType)  
INFO  hit non-returning function, restarting decompiler switch analyzer later (DecompilerSwitchAnalyzer)  
WARN  Decompiling 1402754a0: Unable to read bytes at ram:10cf4e98c (DecompileCallback)  
WARN  Decompiling 1402754a0: Unable to read bytes at ram:10cf4e9d4 (DecompileCallback)  
WARN  Decompiling 14a1a97d0: Unable to read bytes at ram:50004c00450048 (DecompileCallback)  
WARN  Decompiling 14a1a9c30: Unable to read bytes at ram:50004c00450048 (DecompileCallback)  
WARN  Decompiling 144d7a1c0: Unable to read bytes at ram:20ccccccc (DecompileCallback)  
WARN  Decompiling 14a1aa4f0: Unable to read bytes at ram:746c757365526221 (DecompileCallback)  
WARN  Decompiling 14b413c20: Unable to read bytes at ram:fffffffffffffe60 (DecompileCallback)  
WARN  Decompiling 140f15650: Unable to read bytes at ram:69006c00650044 (DecompileCallback)  
WARN  Decompiling 14a1a9a00: Unable to read bytes at ram:50004c00450048 (DecompileCallback)  
WARN  Decompiling 14021c820: Unable to read bytes at ram:10cef0e00 (DecompileCallback)  
WARN  Decompiling 14021c820: Unable to read bytes at ram:10cef0e48 (DecompileCallback)  
WARN  Decompiling 147a6a130: Unable to read bytes at ram:5000004ab (DecompileCallback)  
WARN  Decompiling 147a6a130, pcode error at 14c11cc7a: Unable to resolve constructor at 14c11cc7a (DecompileCallback)  
WARN  Decompiling 147a6a130, pcode error at 14c11cd3e: Unable to resolve constructor at 14c11cd3e (DecompileCallback)  
WARN  Decompiling 147a6a130, pcode error at 14cdee50e: Unable to resolve constructor at 14cdee50e (DecompileCallback)  
WARN  Decompiling 14a296110: Unable to read bytes at ram:730061006c0063 (DecompileCallback)  
WARN  Decompiling 14a1a9840: Unable to read bytes at ram:50004c00450048 (DecompileCallback)  
WARN  Decompiling 14a009d80: Unable to read bytes at ram:100000000010000 (DecompileCallback)  
WARN  Decompiling 14a1aa100: Unable to read bytes at ram:50004c00450048 (DecompileCallback)  
WARN  Decompiling 140266d30: Unable to read bytes at ram:1817e9551 (DecompileCallback)  
WARN  Decompiling 140266d30, pcode error at 14026e87d: Unable to resolve constructor at 14026e87d (DecompileCallback)  
WARN  Decompiling 140266d30, pcode error at 14026f281: Unable to resolve constructor at 14026f281 (DecompileCallback)  
WARN  Decompiling 140266d30, pcode error at 140275402: Unable to resolve constructor at 140275402 (DecompileCallback)  
WARN  Decompiling 14b6528f0: Unable to read bytes at ram:20ccccccc (DecompileCallback)  
WARN  Decompiling 14a1ab050: Unable to read bytes at ram:50004c00450048 (DecompileCallback)  
WARN  Decompiling 149d9a140: Unable to read bytes at ram:4464616f6c796150 (DecompileCallback)  
WARN  Decompiling 14a1a9760: Unable to read bytes at ram:50004c00450048 (DecompileCallback)  
WARN  Decompiling 14a2962d0: Unable to read bytes at ram:730061006c0063 (DecompileCallback)  
WARN  Decompiling 140f157a0: Unable to read bytes at ram:330025003d0058 (DecompileCallback)  
WARN  Decompiling 145796210: Unable to read bytes at ram:6f0020006f004e (DecompileCallback)  
WARN  Decompiling 140237f70: Unable to read bytes at ram:16e8a8b1e (DecompileCallback)  
WARN  Decompiling 140237f70, pcode error at 14023dee9: Unable to resolve constructor at 14023dee9 (DecompileCallback)  
WARN  Decompiling 140237f70, pcode error at 14023df52: Unable to resolve constructor at 14023df52 (DecompileCallback)  
WARN  Decompiling 140237f70, pcode error at 14023d576: Unable to resolve constructor at 14023d576 (DecompileCallback)  
WARN  Decompiling 145fab470, pcode error at 14c810b00: Unable to resolve constructor at 14c810b00 (DecompileCallback)  
WARN  Decompiling 14a1aae90: Unable to read bytes at ram:50004c00450048 (DecompileCallback)  
WARN  Decompiling 14a1aacd0: Unable to read bytes at ram:50004c00450048 (DecompileCallback)  
WARN  Decompiling 14a1a9f40: Unable to read bytes at ram:50004c00450048 (DecompileCallback)  
WARN  Decompiling 14a1a9ca0: Unable to read bytes at ram:50004c00450048 (DecompileCallback)  
WARN  Decompiling 14a1a9ae0: Unable to read bytes at ram:50004c00450048 (DecompileCallback)  
WARN  Decompiling 14a1aa2c0: Unable to read bytes at ram:50004c00450048 (DecompileCallback)  
WARN  Decompiling 141397da0: Unable to read bytes at ram:203d200000202c (DecompileCallback)  
WARN  Decompiling 14a1aa8e0: Unable to read bytes at ram:50004c00450048 (DecompileCallback)  
WARN  Decompiling 14a1aad40: Unable to read bytes at ram:50004c00450048 (DecompileCallback)  
WARN  Decompiling 14a2953f0: Unable to read bytes at ram:730061006c0063 (DecompileCallback)  
WARN  Decompiling 14a1a9920: Unable to read bytes at ram:100000001 (DecompileCallback)  
WARN  Decompiling 14a1aab80: Unable to read bytes at ram:50004c00450048 (DecompileCallback)  
WARN  Decompiling 14a294940: Unable to read bytes at ram:100000000010000 (DecompileCallback)  
WARN  Decompiling 14a1aae20: Unable to read bytes at ram:50004c00450048 (DecompileCallback)  
WARN  Decompiling 1411c8f60: Unable to read bytes at ram:15211e510 (DecompileCallback)  
WARN  Decompiling 1411c8f60, pcode error at 14f0e0d1d: Unable to resolve constructor at 14f0e0d1d (DecompileCallback)  
WARN  Decompiling 14a1ab0c0: Unable to read bytes at ram:746c757365526221 (DecompileCallback)  
WARN  Decompiling 14a1aabf0: Unable to read bytes at ram:50004c00450048 (DecompileCallback)  
WARN  Decompiling 144f29480: Unable to read bytes at ram:20ccccccc (DecompileCallback)  
WARN  Decompiling 14a1aab10: Unable to read bytes at ram:50004c00450048 (DecompileCallback)  
WARN  Decompiling 14a1a9b50: Unable to read bytes at ram:50004c00450048 (DecompileCallback)  
WARN  Decompiling 143b2b8b0: Unable to read bytes at ram:70007300690044 (DecompileCallback)  
WARN  Decompiling 14a009ca0: Unable to read bytes at ram:100000000010000 (DecompileCallback)  
WARN  Decompiling 145fab3e0, pcode error at 14c810b00: Unable to resolve constructor at 14c810b00 (DecompileCallback)  
WARN  Decompiling 144f291f0: Unable to read bytes at ram:20ccccccc (DecompileCallback)  
WARN  Decompiling 14a1a9a70: Unable to read bytes at ram:50004c00450048 (DecompileCallback)  
WARN  Decompiling 14103f7e0: Unable to read bytes at ram:3d3e20746e756f43 (DecompileCallback)  
WARN  Decompiling 14a1aa560: Unable to read bytes at ram:746c757365526221 (DecompileCallback)  
WARN  Decompiling 14a296650: Unable to read bytes at ram:730061006c0063 (DecompileCallback)  
WARN  Decompiling 14a1aadb0: Unable to read bytes at ram:50004c00450048 (DecompileCallback)  
WARN  Decompiling 149d9a0d0: Unable to read bytes at ram:4464616f6c796150 (DecompileCallback)  
WARN  Decompiling 144c1f800: Unable to read bytes at ram:20ccccccc (DecompileCallback)  
WARN  Decompiling 14a1aa090: Unable to read bytes at ram:50004c00450048 (DecompileCallback)  
WARN  Decompiling 14a1aaaa0: Unable to read bytes at ram:50004c00450048 (DecompileCallback)  
WARN  Decompiling 1402140d0: Unable to read bytes at ram:1817908d5 (DecompileCallback)  
WARN  Decompiling 1402140d0, pcode error at 14061e69f: Unable to resolve constructor at 14061e69f (DecompileCallback)  
WARN  Decompiling 1410b7ce0: Unable to read bytes at ram:6f0063006e0045 (DecompileCallback)  
WARN  Decompiling 14a1aac60: Unable to read bytes at ram:50004c00450048 (DecompileCallback)  
WARN  Decompiling 14a043400: Unable to read bytes at ram:100000001 (DecompileCallback)  
WARN  Decompiling 14a1aafe0: Unable to read bytes at ram:50004c00450048 (DecompileCallback)  
WARN  Decompiling 14a1aaf00: Unable to read bytes at ram:50004c00450048 (DecompileCallback)  
WARN  Decompiling 1468d5f00, pcode error at 14c810b00: Unable to resolve constructor at 14c810b00 (DecompileCallback)  
WARN  Decompiling 14a1aaf70: Unable to read bytes at ram:50004c00450048 (DecompileCallback)  
WARN  Decompiling 145420320: Unable to read bytes at ram:5000000cb (DecompileCallback)  
WARN  Decompiling 145420320, pcode error at 14c642df4: Unable to resolve constructor at 14c642df4 (DecompileCallback)  
WARN  Decompiling 145420320, pcode error at 14c642e71: Unable to resolve constructor at 14c642e71 (DecompileCallback)  
WARN  Decompiling 145420320, pcode error at 14c642f58: Unable to resolve constructor at 14c642f58 (DecompileCallback)  
WARN  Decompiling 145420320, pcode error at 14c642fa2: Unable to resolve constructor at 14c642fa2 (DecompileCallback)  
WARN  Decompiling 145420320, pcode error at 14c642ec3: Unable to resolve constructor at 14c642ec3 (DecompileCallback)  
WARN  Decompiling 145420320, pcode error at 14c642ee2: Unable to resolve constructor at 14c642ee2 (DecompileCallback)  
WARN  Decompiling 145420320, pcode error at 14c642e5f: Unable to resolve constructor at 14c642e5f (DecompileCallback)  
WARN  Decompiling 145420320, pcode error at 14c642eb0: Unable to resolve constructor at 14c642eb0 (DecompileCallback)  
WARN  Decompiling 145420320, pcode error at 14c642e40: Unable to resolve constructor at 14c642e40 (DecompileCallback)  
WARN  Decompiling 145420320, pcode error at 14c642e16: Unable to resolve constructor at 14c642e16 (DecompileCallback)  
WARN  Decompiling 145420320, pcode error at 14c642d64: Unable to resolve constructor at 14c642d64 (DecompileCallback)  
WARN  Decompiling 14a1aaa30: Unable to read bytes at ram:50004c00450048 (DecompileCallback)  
WARN  Decompiling 14a1a9990: Unable to read bytes at ram:100000001 (DecompileCallback)  
WARN  Decompiling 14a295bd0: Unable to read bytes at ram:730061006c0063 (DecompileCallback)  
WARN  Decompiling 14a043390: Unable to read bytes at ram:100000001 (DecompileCallback)  
WARN  Decompiling 14a1a9ed0: Unable to read bytes at ram:50004c00450048 (DecompileCallback)  
WARN  Decompiling 14a1aa330: Unable to read bytes at ram:50004c00450048 (DecompileCallback)  
WARN  Decompiling 1459cb910: Unable to read bytes at ram:646c6975625c3a44 (DecompileCallback)  
WARN  Decompiling 144ec46b0: Unable to read bytes at ram:670067006f0054 (DecompileCallback)  
WARN  Decompiling 14a295b60: Unable to read bytes at ram:730061006c0063 (DecompileCallback)  
WARN  Decompiling 14a009d10: Unable to read bytes at ram:100000000010000 (DecompileCallback)  
WARN  Decompiling 14a2949b0: Unable to read bytes at ram:100000000010000 (DecompileCallback)  
WARN  Decompiling 14a1aa480: Unable to read bytes at ram:746c757365526221 (DecompileCallback)  
WARN  Decompiling 140e874b0: Unable to read bytes at ram:69006c00650044 (DecompileCallback)  
WARN  Decompiling 140242560: Unable to read bytes at ram:10cf18920 (DecompileCallback)  
WARN  Decompiling 140242560: Unable to read bytes at ram:10cf18968 (DecompileCallback)  
WARN  Decompiling 140242560, pcode error at 14024731b: Unable to resolve constructor at 14024731b (DecompileCallback)  
WARN  Decompiling 14a0437b0: Unable to read bytes at ram:100000001 (DecompileCallback)  
WARN  Decompiling 1454202b0: Unable to read bytes at ram:5000000cb (DecompileCallback)  
WARN  Decompiling 1454202b0, pcode error at 14c642df4: Unable to resolve constructor at 14c642df4 (DecompileCallback)  
WARN  Decompiling 1454202b0, pcode error at 14c642e71: Unable to resolve constructor at 14c642e71 (DecompileCallback)  
WARN  Decompiling 1454202b0, pcode error at 14c642f58: Unable to resolve constructor at 14c642f58 (DecompileCallback)  
WARN  Decompiling 1454202b0, pcode error at 14c642fa2: Unable to resolve constructor at 14c642fa2 (DecompileCallback)  
WARN  Decompiling 1454202b0, pcode error at 14c642ec3: Unable to resolve constructor at 14c642ec3 (DecompileCallback)  
WARN  Decompiling 1454202b0, pcode error at 14c642ee2: Unable to resolve constructor at 14c642ee2 (DecompileCallback)  
WARN  Decompiling 1454202b0, pcode error at 14c642e5f: Unable to resolve constructor at 14c642e5f (DecompileCallback)  
WARN  Decompiling 1454202b0, pcode error at 14c642eb0: Unable to resolve constructor at 14c642eb0 (DecompileCallback)  
WARN  Decompiling 1454202b0, pcode error at 14c642e40: Unable to resolve constructor at 14c642e40 (DecompileCallback)  
WARN  Decompiling 1454202b0, pcode error at 14c642e16: Unable to resolve constructor at 14c642e16 (DecompileCallback)  
WARN  Decompiling 1454202b0, pcode error at 14c642d64: Unable to resolve constructor at 14c642d64 (DecompileCallback)  
WARN  Decompiling 14a1a9bc0: Unable to read bytes at ram:50004c00450048 (DecompileCallback)  
WARN  Decompiling 14a1a9fb0: Unable to read bytes at ram:50004c00450048 (DecompileCallback)  
WARN  Decompiling 14a1aa9c0: Unable to read bytes at ram:50004c00450048 (DecompileCallback)  
WARN  Decompiling 14a296420: Unable to read bytes at ram:730061006c0063 (DecompileCallback)  
WARN  Decompiling 1415ec010: Unable to read bytes at ram:4150624dd2e147ae (DecompileCallback)  
WARN  Decompiling 14a1a9e60: Unable to read bytes at ram:50004c00450048 (DecompileCallback)  
WARN  Decompiling 145398710: Unable to read bytes at ram:797469746e45 (DecompileCallback)  
WARN  Decompiling 149d9a060: Unable to read bytes at ram:4464616f6c796150 (DecompileCallback)  
WARN  Decompiling 14a295380: Unable to read bytes at ram:730061006c0063 (DecompileCallback)  
WARN  Decompiling 14a1aa020: Unable to read bytes at ram:50004c00450048 (DecompileCallback)  
WARN  Decompiling 14a1aa170: Unable to read bytes at ram:50004c00450048 (DecompileCallback)  
WARN  Decompiling 14a1aa1e0: Unable to read bytes at ram:50004c00450048 (DecompileCallback)  
WARN  Decompiling 14a1aa3a0: Unable to read bytes at ram:50004c00450048 (DecompileCallback)  
WARN  Decompiling 14a1aa410: Unable to read bytes at ram:50004c00450048 (DecompileCallback)  
WARN  Decompiling 1415ec010: Unable to read bytes at ram:4150624dd2e147ae (DecompileCallback)  
WARN  Decompiling 144ec46b0: Unable to read bytes at ram:670067006f0054 (DecompileCallback)  
ERROR caught exception (X86Analyzer) java.util.concurrent.ExecutionException: java.lang.OutOfMemoryError: Java heap space
	at java.base/java.util.concurrent.FutureTask.report(FutureTask.java:124)
	at java.base/java.util.concurrent.FutureTask.get(FutureTask.java:193)
	at generic.concurrent.QResult.<init>(QResult.java:40)
	at generic.concurrent.FutureTaskMonitor.run(FutureTaskMonitor.java:77)
	at java.base/java.util.concurrent.ThreadPoolExecutor.runWorker(ThreadPoolExecutor.java:1095)
	at java.base/java.util.concurrent.ThreadPoolExecutor$Worker.run(ThreadPoolExecutor.java:619)
	at java.base/java.lang.Thread.run(Thread.java:1447)
Caused by: java.lang.OutOfMemoryError: Java heap space
	at java.base/java.util.Arrays.copyOf(Arrays.java:3478)
	at java.base/java.util.Vector.grow(Vector.java:262)
	at java.base/java.util.Vector.grow(Vector.java:266)
	at java.base/java.util.Vector.add(Vector.java:782)
	at java.base/java.util.Vector.addElement(Vector.java:617)
	at java.base/java.util.Stack.push(Stack.java:68)
	at ghidra.program.util.VarnodeContext.pushMemState(VarnodeContext.java:2027)
	at ghidra.program.util.SymbolicPropogator$SavedFlowState.<init>(SymbolicPropogator.java:453)
	at ghidra.program.util.SymbolicPropogator$SavedFlowState.<init>(SymbolicPropogator.java:442)
	at ghidra.program.util.SymbolicPropogator.applyPcode(SymbolicPropogator.java:976)
	at ghidra.program.util.SymbolicPropogator.flowConstants(SymbolicPropogator.java:626)
	at ghidra.program.util.SymbolicPropogator.flowConstants(SymbolicPropogator.java:479)
	at ghidra.program.util.SymbolicPropogator.flowConstants(SymbolicPropogator.java:215)
	at ghidra.app.plugin.core.analysis.X86Analyzer.flowConstants(X86Analyzer.java:96)
	at ghidra.app.plugin.core.analysis.ConstantPropagationAnalyzer.analyzeLocation(ConstantPropagationAnalyzer.java:490)
	at ghidra.app.services.AbstractAnalyzer$1.process(AbstractAnalyzer.java:181)
	at ghidra.app.services.AbstractAnalyzer$1.process(AbstractAnalyzer.java:170)
	at generic.concurrent.ConcurrentQ$CallbackCallable.call(ConcurrentQ.java:706)
	at java.base/java.util.concurrent.FutureTask.run(FutureTask.java:328)
	at generic.concurrent.FutureTaskMonitor.run(FutureTaskMonitor.java:75)
	at java.base/java.util.concurrent.ThreadPoolExecutor.runWorker(ThreadPoolExecutor.java:1095)
	at java.base/java.util.concurrent.ThreadPoolExecutor$Worker.run(ThreadPoolExecutor.java:619)
	at java.base/java.lang.Thread.runWith(Thread.java:1460)
	... 1 more
 
java.util.concurrent.ExecutionException: java.lang.OutOfMemoryError: Java heap space
	at java.base/java.util.concurrent.FutureTask.report(FutureTask.java:124)
	at java.base/java.util.concurrent.FutureTask.get(FutureTask.java:193)
	at generic.concurrent.QResult.<init>(QResult.java:40)
	at generic.concurrent.FutureTaskMonitor.run(FutureTaskMonitor.java:77)
	at java.base/java.util.concurrent.ThreadPoolExecutor.runWorker(ThreadPoolExecutor.java:1095)
	at java.base/java.util.concurrent.ThreadPoolExecutor$Worker.run(ThreadPoolExecutor.java:619)
	at java.base/java.lang.Thread.run(Thread.java:1447)
Caused by: java.lang.OutOfMemoryError: Java heap space
	at java.base/java.util.Arrays.copyOf(Arrays.java:3478)
	at java.base/java.util.Vector.grow(Vector.java:262)
	at java.base/java.util.Vector.grow(Vector.java:266)
	at java.base/java.util.Vector.add(Vector.java:782)
	at java.base/java.util.Vector.addElement(Vector.java:617)
	at java.base/java.util.Stack.push(Stack.java:68)
	at ghidra.program.util.VarnodeContext.pushMemState(VarnodeContext.java:2027)
	at ghidra.program.util.SymbolicPropogator$SavedFlowState.<init>(SymbolicPropogator.java:453)
	at ghidra.program.util.SymbolicPropogator$SavedFlowState.<init>(SymbolicPropogator.java:442)
	at ghidra.program.util.SymbolicPropogator.applyPcode(SymbolicPropogator.java:976)
	at ghidra.program.util.SymbolicPropogator.flowConstants(SymbolicPropogator.java:626)
	at ghidra.program.util.SymbolicPropogator.flowConstants(SymbolicPropogator.java:479)
	at ghidra.program.util.SymbolicPropogator.flowConstants(SymbolicPropogator.java:215)
	at ghidra.app.plugin.core.analysis.X86Analyzer.flowConstants(X86Analyzer.java:96)
	at ghidra.app.plugin.core.analysis.ConstantPropagationAnalyzer.analyzeLocation(ConstantPropagationAnalyzer.java:490)
	at ghidra.app.services.AbstractAnalyzer$1.process(AbstractAnalyzer.java:181)
	at ghidra.app.services.AbstractAnalyzer$1.process(AbstractAnalyzer.java:170)
	at generic.concurrent.ConcurrentQ$CallbackCallable.call(ConcurrentQ.java:706)
	at java.base/java.util.concurrent.FutureTask.run(FutureTask.java:328)
	at generic.concurrent.FutureTaskMonitor.run(FutureTaskMonitor.java:75)
	at java.base/java.util.concurrent.ThreadPoolExecutor.runWorker(ThreadPoolExecutor.java:1095)
	at java.base/java.util.concurrent.ThreadPoolExecutor$Worker.run(ThreadPoolExecutor.java:619)
	at java.base/java.lang.Thread.runWith(Thread.java:1460)
	... 1 more
INFO  -----------------------------------------------------
    Call-Fixup Installer                      15.116 secs
    Create Function                           11.835 secs
    Decompiler Switch Analysis               103.261 secs
    Decompiler Switch Analysis - One Time   4444.784 secs
    Disassemble                                0.310 secs
    Disassemble Entry Points                1514.398 secs
    Embedded Media                             2.244 secs
    External Entry References                  0.002 secs
    Function Start Search                     16.051 secs
    Non-Returning Functions - Discovered     299.121 secs
    Non-Returning Functions - Known           11.387 secs
    Shared Return Calls                      119.012 secs
    Subroutine References                     55.935 secs
    Windows x86 PE Exception Handling         66.316 secs
    Windows x86 Thread Environment Block (TEB) Analyzer     1.336 secs
    x86 Constant Reference Analyzer         1648.550 secs
-----------------------------------------------------
     Total Time   8309 secs
-----------------------------------------------------
 (AutoAnalysisManager)  
ERROR REPORT: Analysis timed out at 7200 seconds. Processing not completed for file: /CockHero.exe (HeadlessAnalyzer)  
INFO  REPORT: Execute script: ProbeMaterials.java 'D:\reJOIce\Materials\Verification\complete-image-after-resume.tsv'  (HeadlessAnalyzer)  
INFO  SCRIPT: D:\reJOIce\Materials\Scripts\ProbeMaterials.java (HeadlessAnalyzer)  
INFO  ProbeMaterials.java> MATERIALS_READABILITY_PASS CockHero.exe functions=573011 (GhidraScript)  
INFO  ANALYZING changes made by post scripts: /CockHero.exe (HeadlessAnalyzer)  
INFO  REPORT: Post-analysis succeeded for file: /CockHero.exe (HeadlessAnalyzer)  
INFO  REPORT: Save succeeded for processed file: /CockHero.exe (HeadlessAnalyzer)  
