2026-10-01 16:06:26 INFO  (LoggingInitialization) Using log config file: jar:file:/C:/Users/webma/Tools/ghidra/ghidra_12.1.4_PUBLIC/Ghidra/Framework/Generic/lib/Generic.jar!/generic.log4j.xml  
2026-10-01 16:06:26 INFO  (LoggingInitialization) Using log file: C:\Users\webma\analysis\cockhero-v004\ghidra-native.log  
2026-10-01 16:06:26 DEBUG (GhidraObjectInputFilter) Including serial input filter: FileSystem/data/client.rmi.serial.filter  
2026-10-01 16:06:26 INFO  (Preferences) Loading user preferences: C:\Users\webma\AppData\Roaming\ghidra\ghidra_12.1.4_PUBLIC\preferences  
2026-10-01 16:06:26 INFO  (ClassSearcher) Searching for classes...  
2026-10-01 16:06:28 INFO  (ClassSearcher) Class search complete (1540 ms)  
2026-10-01 16:06:28 INFO  (DefaultSSLContextInitializer) Initializing SSL Context  
2026-10-01 16:06:28 INFO  (SecureRandomFactory) Initializing Random Number Generator...  
2026-10-01 16:06:28 INFO  (SecureRandomFactory) Random Number Generator initialization complete: SHA1PRNG  
2026-10-01 16:06:28 INFO  (DefaultTrustManagerFactory) Trust manager disabled, cacerts have not been set  
2026-10-01 16:06:34 INFO  (AnalyzeHeadless) Headless startup complete (9486 ms)  
2026-10-01 16:06:34 INFO  (ClassSearcher) Class searcher loaded 59 extension points (20 false positives)  
2026-10-01 16:06:34 INFO  (HeadlessAnalyzer) HEADLESS Script Paths:
    C:\Users\webma\Tools\ghidra\ghidra_12.1.4_PUBLIC\Ghidra\Features\VersionTracking\ghidra_scripts
    C:\Users\webma\Tools\ghidra\ghidra_12.1.4_PUBLIC\Ghidra\Features\WildcardAssembler\ghidra_scripts
    C:\Users\webma\Tools\ghidra\ghidra_12.1.4_PUBLIC\Ghidra\Features\FunctionID\ghidra_scripts
    C:\Users\webma\Tools\ghidra\ghidra_12.1.4_PUBLIC\Ghidra\Debug\Debugger-rmi-trace\ghidra_scripts
    C:\Users\webma\Tools\ghidra\ghidra_12.1.4_PUBLIC\Ghidra\Processors\PIC\ghidra_scripts
    C:\Users\webma\Tools\ghidra\ghidra_12.1.4_PUBLIC\Ghidra\Processors\Atmel\ghidra_scripts
    C:\Users\webma\analysis\cockhero-v004\scripts
    C:\Users\webma\Tools\ghidra\ghidra_12.1.4_PUBLIC\Ghidra\Features\Decompiler\ghidra_scripts
    C:\Users\webma\Tools\ghidra\ghidra_12.1.4_PUBLIC\Ghidra\Features\PDB\ghidra_scripts
    C:\Users\webma\Tools\ghidra\ghidra_12.1.4_PUBLIC\Ghidra\Features\SystemEmulation\ghidra_scripts
    C:\Users\webma\Tools\ghidra\ghidra_12.1.4_PUBLIC\Ghidra\Processors\DATA\ghidra_scripts
    C:\Users\webma\Tools\ghidra\ghidra_12.1.4_PUBLIC\Ghidra\Debug\Debugger\ghidra_scripts
    C:\Users\webma\Tools\ghidra\ghidra_12.1.4_PUBLIC\Ghidra\Processors\8051\ghidra_scripts
    C:\Users\webma\Tools\ghidra\ghidra_12.1.4_PUBLIC\Ghidra\Processors\JVM\ghidra_scripts
    C:\Users\webma\Tools\ghidra\ghidra_12.1.4_PUBLIC\Ghidra\Features\FileFormats\ghidra_scripts
    C:\Users\webma\Tools\ghidra\ghidra_12.1.4_PUBLIC\Ghidra\Features\PyGhidra\ghidra_scripts
    C:\Users\webma\Tools\ghidra\ghidra_12.1.4_PUBLIC\Ghidra\Features\MicrosoftCodeAnalyzer\ghidra_scripts
    C:\Users\webma\Tools\ghidra\ghidra_12.1.4_PUBLIC\Ghidra\Features\BSim\ghidra_scripts
    C:\Users\webma\Tools\ghidra\ghidra_12.1.4_PUBLIC\Ghidra\Features\SwiftDemangler\ghidra_scripts
    C:\Users\webma\Tools\ghidra\ghidra_12.1.4_PUBLIC\Ghidra\Features\BytePatterns\ghidra_scripts
    C:\Users\webma\Tools\ghidra\ghidra_12.1.4_PUBLIC\Ghidra\Features\DecompilerDependent\ghidra_scripts
    C:\Users\webma\Tools\ghidra\ghidra_12.1.4_PUBLIC\Ghidra\Features\GnuDemangler\ghidra_scripts
    C:\Users\webma\Tools\ghidra\ghidra_12.1.4_PUBLIC\Ghidra\Features\Base\ghidra_scripts  
2026-10-01 16:06:34 INFO  (HeadlessAnalyzer) HEADLESS: execution starts  
2026-10-01 16:06:34 INFO  (HeadlessAnalyzer) Opening existing project: C:\Users\webma\analysis\cockhero-v004\projects\CockHeroNativeSlice  
2026-10-01 16:06:34 INFO  (HeadlessProject) Opening project: C:\Users\webma\analysis\cockhero-v004\projects\CockHeroNativeSlice  
2026-10-01 16:06:45 INFO  (HeadlessAnalyzer) REPORT: Processing project file: /native-slice.bin  
2026-10-01 16:06:46 INFO  (HeadlessAnalyzer) REPORT: Execute script: LoadNativeData.java 'C:\Users\webma\analysis\cockhero-v004\native-rdata.bin' '0x14bcab000'   
2026-10-01 16:06:49 INFO  (HeadlessAnalyzer) SCRIPT: C:\Users\webma\analysis\cockhero-v004\scripts\LoadNativeData.java  
2026-10-01 16:06:49 INFO  (GhidraScript) LoadNativeData.java> Loaded original readonly data for native decompilation  
2026-10-01 16:06:49 INFO  (HeadlessAnalyzer) REPORT: Execute script: ExportIntegration.java 'C:\Users\webma\analysis\cockhero-v004\ghidra-native'   
2026-10-01 16:06:49 INFO  (HeadlessAnalyzer) SCRIPT: C:\Users\webma\analysis\cockhero-v004\scripts\ExportIntegration.java  
2026-10-01 16:06:51 WARN  (DecompileCallback) Decompiling 148168610, pcode error at 140f24ba0: Could not follow disassembly flow into non-existing memory at 140f24ba0  
2026-10-01 16:06:52 WARN  (DecompileCallback) Decompiling 14816fd10, pcode error at 140f24ba0: Could not follow disassembly flow into non-existing memory at 140f24ba0  
2026-10-01 16:06:52 WARN  (DecompileCallback) Decompiling 148172040, pcode error at 140f24ba0: Could not follow disassembly flow into non-existing memory at 140f24ba0  
2026-10-01 16:06:58 WARN  (DecompileCallback) Decompiling 1481751c0, pcode error at 140f24ba0: Could not follow disassembly flow into non-existing memory at 140f24ba0  
2026-10-01 16:06:58 WARN  (DecompileCallback) Decompiling 1481761b0, pcode error at 140f24ba0: Could not follow disassembly flow into non-existing memory at 140f24ba0  
2026-10-01 16:07:00 WARN  (DecompileCallback) Decompiling 148179040, pcode error at 140f24ba0: Could not follow disassembly flow into non-existing memory at 140f24ba0  
2026-10-01 16:07:05 WARN  (DecompileCallback) Decompiling 14817d680, pcode error at 140f24ba0: Could not follow disassembly flow into non-existing memory at 140f24ba0  
2026-10-01 16:07:05 WARN  (DecompileCallback) Decompiling 14817dc40, pcode error at 140f24ba0: Could not follow disassembly flow into non-existing memory at 140f24ba0  
2026-10-01 16:07:05 WARN  (DecompileCallback) Decompiling 14817de90, pcode error at 140f24ba0: Could not follow disassembly flow into non-existing memory at 140f24ba0  
2026-10-01 16:07:06 WARN  (DecompileCallback) Decompiling 14817e360, pcode error at 140f24ba0: Could not follow disassembly flow into non-existing memory at 140f24ba0  
2026-10-01 16:07:11 WARN  (DecompileCallback) Decompiling 14818bae0, pcode error at 140f24ba0: Could not follow disassembly flow into non-existing memory at 140f24ba0  
2026-10-01 16:07:18 WARN  (DecompileCallback) Decompiling 14819d5a0, pcode error at 140f24ba0: Could not follow disassembly flow into non-existing memory at 140f24ba0  
2026-10-01 16:07:18 WARN  (DecompileCallback) Decompiling 14819deb0, pcode error at 140f24ba0: Could not follow disassembly flow into non-existing memory at 140f24ba0  
2026-10-01 16:07:20 WARN  (DecompileCallback) Decompiling 14819fc30, pcode error at 140f24ba0: Could not follow disassembly flow into non-existing memory at 140f24ba0  
2026-10-01 16:07:20 WARN  (DecompileCallback) Decompiling 1481a5900, pcode error at 14177ef40: Could not follow disassembly flow into non-existing memory at 14177ef40  
2026-10-01 16:07:24 WARN  (DecompileCallback) Decompiling 1481ae0d0, pcode error at 140f24ba0: Could not follow disassembly flow into non-existing memory at 140f24ba0  
2026-10-01 16:07:24 WARN  (DecompileCallback) Decompiling 1481ae180, pcode error at 140f24ba0: Could not follow disassembly flow into non-existing memory at 140f24ba0  
2026-10-01 16:07:24 WARN  (DecompileCallback) Decompiling 1481ae1d0, pcode error at 140f24ba0: Could not follow disassembly flow into non-existing memory at 140f24ba0  
2026-10-01 16:07:24 WARN  (DecompileCallback) Decompiling 1481ae780, pcode error at 140f24ba0: Could not follow disassembly flow into non-existing memory at 140f24ba0  
2026-10-01 16:07:25 WARN  (DecompileCallback) Decompiling 1481affa0, pcode error at 140f24ba0: Could not follow disassembly flow into non-existing memory at 140f24ba0  
2026-10-01 16:07:49 WARN  (DecompileCallback) Decompiling 1481c3670, pcode error at 140f24ba0: Could not follow disassembly flow into non-existing memory at 140f24ba0  
2026-10-01 16:07:49 WARN  (DecompileCallback) Decompiling 1481c3770, pcode error at 140f24ba0: Could not follow disassembly flow into non-existing memory at 140f24ba0  
2026-10-01 16:07:49 WARN  (DecompileCallback) Decompiling 1481c3cd0, pcode error at 140f24ba0: Could not follow disassembly flow into non-existing memory at 140f24ba0  
2026-10-01 16:07:49 WARN  (DecompileCallback) Decompiling 1481c5fb0, pcode error at 140f24ba0: Could not follow disassembly flow into non-existing memory at 140f24ba0  
2026-10-01 16:07:58 WARN  (DecompileCallback) Decompiling 1481cf420, pcode error at 140c70210: Could not follow disassembly flow into non-existing memory at 140c70210  
2026-10-01 16:07:58 WARN  (DecompileCallback) Decompiling 1481cf860, pcode error at 140f24ba0: Could not follow disassembly flow into non-existing memory at 140f24ba0  
2026-10-01 16:07:59 WARN  (DecompileCallback) Decompiling 1481d1c10, pcode error at 141894210: Could not follow disassembly flow into non-existing memory at 141894210  
2026-10-01 16:07:59 WARN  (DecompileCallback) Decompiling 1481d2370, pcode error at 140f24ba0: Could not follow disassembly flow into non-existing memory at 140f24ba0  
2026-10-01 16:07:59 WARN  (DecompileCallback) Decompiling 1481d23d0, pcode error at 140f24ba0: Could not follow disassembly flow into non-existing memory at 140f24ba0  
2026-10-01 16:08:00 WARN  (DecompileCallback) Decompiling 1481d2bf0, pcode error at 140f24ba0: Could not follow disassembly flow into non-existing memory at 140f24ba0  
2026-10-01 16:08:01 WARN  (DecompileCallback) Decompiling 1481d5c70, pcode error at 140f24ba0: Could not follow disassembly flow into non-existing memory at 140f24ba0  
2026-10-01 16:08:01 WARN  (DecompileCallback) Decompiling 1481d5f00, pcode error at 140f24ba0: Could not follow disassembly flow into non-existing memory at 140f24ba0  
2026-10-01 16:08:04 INFO  (GhidraScript) ExportIntegration.java> Exported 390 targeted decompilations to C:\Users\webma\analysis\cockhero-v004\ghidra-native  
2026-10-01 16:08:04 INFO  (HeadlessAnalyzer) REPORT: Save succeeded for processed file: /native-slice.bin  
